2020-12-27 00:56:01,461 - main.py[line:9] - INFO: [1;29m this is color1 [0m
2020-12-27 00:56:01,461 - main.py[line:10] - INFO: [1;30m this is color2 [0m
2020-12-27 00:56:01,461 - main.py[line:11] - INFO: [1;31m this is color3 [0m
2020-12-27 00:56:01,461 - main.py[line:12] - INFO: [1;32m this is color4 [0m
2020-12-27 00:56:01,461 - main.py[line:13] - INFO: [1;33m this is color5 [0m
2020-12-27 00:56:01,461 - main.py[line:14] - INFO: [1;34m this is color6 [0m
2020-12-27 00:56:01,461 - main.py[line:15] - INFO: [1;35m this is color7 [0m
2020-12-27 00:56:01,461 - main.py[line:16] - INFO: [1;36m this is color8 [0m
2020-12-27 00:56:24,006 - main.py[line:9] - INFO: [1;29m this is color1 [0m
2020-12-27 00:56:24,007 - main.py[line:10] - INFO: [1;30m this is color2 [0m
2020-12-27 00:56:24,007 - main.py[line:11] - INFO: [1;31m this is color3 [0m
2020-12-27 00:56:24,007 - main.py[line:12] - INFO: [1;32m this is color4 [0m
2020-12-27 00:56:24,007 - main.py[line:13] - INFO: [1;33m this is color5 [0m
2020-12-27 00:56:24,007 - main.py[line:14] - INFO: [1;34m this is color6 [0m
2020-12-27 00:56:24,007 - main.py[line:15] - INFO: [1;35m this is color7 [0m
2020-12-27 00:56:24,007 - main.py[line:16] - INFO: [1;36m this is color8 [0m
2020-12-27 01:03:25,200 - main.py[line:36] - INFO: [32m[INFO]: I am green[0m
2020-12-27 01:03:28,572 - main.py[line:36] - INFO: [32m[INFO]: I am green[0m
